✔ [2716/2730] Built NavierStokes.ProblemStatement (4.4s)
✔ [2717/2823] Built NavierStokes.RadialAlias (5.1s)
✔ [2718/2823] Built NavierStokes.DiophantineGraph (4.0s)
✔ [3008/3020] Built NavierStokes.JetBounds (5.6s)
✔ [3009/3022] Built NavierStokes.SpatialCurl (9.6s)
✔ [3010/3024] Built NavierStokes.TorusInverse (9.1s)
✔ [3011/3026] Built NavierStokes.WeightedClasses (9.2s)
✔ [3012/3026] Built NavierStokes.SlotGeometry (6.9s)
✔ [3013/3026] Built NavierStokes.Scaling (6.2s)
✔ [3014/3026] Built NavierStokes.TransportPrimitive (16s)
✔ [3015/3026] Built NavierStokes.AxisymmetricFields (7.3s)
✔ [3016/3029] Built NavierStokes.Flatness (2.2s)
✔ [3017/3030] Built NavierStokes.SlotColoring (5.0s)
✔ [3019/3031] Built NavierStokes.FlatCutoff (5.4s)
✔ [3020/3031] Built NavierStokes.AxisymmetricResidual (9.4s)
✔ [3021/3031] Built NavierStokes.ChartScales (4.4s)
✔ [3022/3031] Built NavierStokes.FlatKernelBounds (5.1s)
✔ [3023/3074] Built NavierStokes.FlatPrimitive (5.4s)
✔ [3060/3074] Built NavierStokes.SmoothParameterIntegral (7.8s)
✔ [3061/3074] Built NavierStokes.SmoothFourierData (21s)
✔ [3062/3076] Built NavierStokes.ParametricKernelBounds (6.8s)
✔ [3063/3078] Built NavierStokes.LocalAxisymmetricResidual (10s)
✔ [3065/3078] Built NavierStokes.ConeAlgebra (6.3s)
✔ [3068/3081] Built NavierStokes.FlatPrimitiveFactor (5.9s)
✔ [3069/3081] Built NavierStokes.ParametricTorusInverse (10s)
✔ [3070/3085] Built NavierStokes.UniformCone (7.8s)
✔ [3071/3085] Built NavierStokes.ParametricFlatFactor (8.2s)
✔ [3072/3086] Built NavierStokes.PhaseCalculus (8.9s)
✔ [3073/3086] Built NavierStokes.FourierAlias (9.3s)
✔ [3074/3088] Built NavierStokes.GraphCalculus (6.8s)
✔ [3075/3088] Built NavierStokes.CylindricalResidual (24s)
✔ [3076/3088] Built NavierStokes.HarmonicCalculus (9.0s)
✔ [3077/3088] Built NavierStokes.LoopMoments (5.7s)
✔ [3078/3090] Built NavierStokes.WeightedRadialPrimitive (13s)
✔ [3079/3090] Built NavierStokes.SmoothLoop (8.2s)
✔ [3080/3091] Built NavierStokes.SmoothFamilyTorusInverse (22s)
✔ [3081/3094] Built NavierStokes.Covariance (4.9s)
✔ [3082/3096] Built NavierStokes.RadialPullback (12s)
✔ [3084/3096] Built NavierStokes.PulseGrowth (3.4s)
✔ [3086/3104] Built NavierStokes.MeanResidual (16s)
✔ [3088/3104] Built NavierStokes.SmoothCovariance (3.9s)
✔ [3090/3104] Built NavierStokes.HarmonicFields (7.3s)
✔ [3091/3104] Built NavierStokes.GaussianEnvelope (7.6s)
✔ [3095/3106] Built NavierStokes.PressureStream (9.7s)
✔ [3096/3106] Built NavierStokes.FlatCovariance (5.9s)
✔ [3097/3106] Built NavierStokes.SmoothCutoffs (7.0s)
✔ [3098/3114] Built NavierStokes.PowerMomentMatrix (5.8s)
✔ [3101/3120] Built NavierStokes.UniformFourierAlias (13s)
✔ [3103/3120] Built NavierStokes.MomentRepair (6.0s)
✔ [3104/3120] Built NavierStokes.IntegratedMeanBalances (10s)
✔ [3105/3120] Built NavierStokes.SimilarityCoordinates (9.3s)
✔ [3106/3120] Built NavierStokes.PulseCovariance (11s)
✔ [3107/3120] Built NavierStokes.LocalizedMomentRepair (4.8s)
✔ [3108/3120] Built NavierStokes.SmoothMomentRepair (16s)
✔ [3109/3120] Built NavierStokes.PhysicalCoordinateBounds (11s)
✔ [3110/3122] Built NavierStokes.TorusAverages (9.9s)
✔ [3111/3122] Built NavierStokes.MeanMomentBounds (16s)
✔ [3112/3123] Built NavierStokes.FiveRowRank (6.9s)
✔ [3113/3123] Built NavierStokes.OutgoingSchedule (10s)
✔ [3114/3127] Built NavierStokes.ParametricRephase (7.6s)
✔ [3115/3127] Built NavierStokes.AngularMomentReset (13s)
✔ [3116/3127] Built NavierStokes.TemporalMeanUpdate (16s)
✔ [3117/3151] Built NavierStokes.MeanIncrementBounds (15s)
✔ [3140/3155] Built NavierStokes.RadialSchedule (9.2s)
✔ [3141/3155] Built NavierStokes.OutgoingTail (15s)
✔ [3142/3155] Built NavierStokes.PressureDatum (7.8s)
✔ [3143/3155] Built NavierStokes.AxisWeightEstimates (5.3s)
✔ [3144/3157] Built NavierStokes.AnalyticPrimitive (5.1s)
✔ [3145/3157] Built NavierStokes.AxisCoefficientSpace (6.4s)
✔ [3146/3157] Built NavierStokes.OutgoingPulseBounds (27s)
✔ [3147/3159] Built NavierStokes.TailEnergyBounds (9.7s)
✔ [3148/3159] Built NavierStokes.AnalyticCoefficientBounds (6.8s)
✔ [3149/3161] Built NavierStokes.NaturalAxisData (12s)
✔ [3150/3164] Built NavierStokes.UniformAngularReset (21s)
✔ [3151/3164] Built NavierStokes.AxisEvaluation (10s)
✔ [3152/3164] Built NavierStokes.NaturalAxisRange (9.8s)
✔ [3153/3164] Built NavierStokes.ReleaseMoments (6.9s)
✔ [3154/3170] Built NavierStokes.PulseAmplitude (21s)
✔ [3155/3170] Built NavierStokes.AxisProfile (5.0s)
✔ [3156/3174] Built NavierStokes.ResetEnergyBounds (7.0s)
✔ [3157/3174] Built NavierStokes.AxisOperators (19s)
✔ [3158/3176] Built NavierStokes.CorrectedPulseAmplitude (9.8s)
✔ [3159/3176] Built NavierStokes.RadialHeatProfile (8.9s)
✔ [3160/3176] Built NavierStokes.AxisSeries (16s)
✔ [3161/3184] Built NavierStokes.AxisEvaluationAlgebra (6.6s)
✔ [3162/3184] Built NavierStokes.DiagonalScale (4.8s)
✔ [3163/3184] Built NavierStokes.HeatTailEdit (8.7s)
✔ [3164/3184] Built NavierStokes.AxisResolvent (15s)
✔ [3165/3184] Built NavierStokes.EndpointExtension (5.4s)
✔ [3166/3184] Built NavierStokes.BorelExtension (5.3s)
✔ [3167/3184] Built NavierStokes.FiveProfileMoments (41s)
✔ [3168/3186] Built NavierStokes.ParametricHeatTail (10s)
✔ [3169/3195] Built NavierStokes.TangentProjection (3.9s)
✔ [3173/3198] Built NavierStokes.HeatProfileExtension (5.1s)
✔ [3174/3198] Built NavierStokes.CoordinateAlgebra (4.6s)
✔ [3175/3202] Built NavierStokes.AxisContraction (15s)
✔ [3176/3202] Built NavierStokes.TerminalCompensation (21s)
✔ [3177/3202] Built NavierStokes.PolarCharts (7.8s)
✔ [3178/3202] Built NavierStokes.NaturalAxisBridge (9.7s)
✔ [3179/3204] Built NavierStokes.TangentODE (15s)
✔ [3180/3204] Built NavierStokes.SimilarityProfile (7.5s)
✔ [3181/3204] Built NavierStokes.ParametricTerminalCompensation (6.3s)
✔ [3182/3204] Built NavierStokes.AxisReference (6.7s)
✔ [3183/3204] Built NavierStokes.NaturalAxisCoefficients (9.9s)
✔ [3185/3204] Built NavierStokes.ViscousPropagator (9.1s)
✔ [3186/3210] Built NavierStokes.SimilarityHomogeneity (7.4s)
✔ [3192/3214] Built NavierStokes.NaturalProfile (8.5s)
✔ [3193/3214] Built NavierStokes.ParametricODE (15s)
✔ [3194/3217] Built NavierStokes.SquaredPartition (7.8s)
✔ [3195/3218] Built NavierStokes.SchedulePressure (3.9s)
✔ [3196/3218] Built NavierStokes.PhysicalGraphBounds (29s)
✔ [3197/3218] Built NavierStokes.GrowingMode (8.1s)
✔ [3198/3218] Built NavierStokes.FlatZeroExtension (5.8s)
✔ [3199/3220] Built NavierStokes.SmoothPathFamily (8.9s)
✔ [3200/3220] Built NavierStokes.OutgoingProfile (7.6s)
✔ [3201/3220] Built NavierStokes.WeightedQuotients (10s)
✔ [3202/3220] Built NavierStokes.SignedStressPrimitive (14s)
✔ [3203/3220] Built NavierStokes.MovingFrameODE (15s)
✔ [3204/3223] Built NavierStokes.JointODE (6.3s)
✔ [3205/3226] Built NavierStokes.WeightedODEJets (15s)
✔ [3206/3228] Built NavierStokes.OutgoingDilation (7.9s)
✔ [3207/3228] Built NavierStokes.ResidualCalculus (5.9s)
✔ [3208/3228] Built NavierStokes.ResidualRegularity (5.9s)
✔ [3209/3229] Built NavierStokes.PhaseEstimates (15s)
✔ [3210/3229] Built NavierStokes.CurlGeometry (5.3s)
✔ [3211/3229] Built NavierStokes.CommonCoverSolve (11s)
✔ [3212/3229] Built NavierStokes.HeatedOutgoing (8.8s)
✔ [3213/3229] Built NavierStokes.GaussianTailFlat (13s)
✔ [3214/3232] Built NavierStokes.PartitionedCovariance (12s)
✔ [3215/3232] Built NavierStokes.PrimaryODE (20s)
✔ [3216/3232] Built NavierStokes.ReservedPatches (7.4s)
✔ [3217/3234] Built NavierStokes.CommonCoverClass (14s)
✔ [3218/3234] Built NavierStokes.ResidualStability (29s)
✔ [3219/3234] Built NavierStokes.SignedCovariance (7.9s)
✔ [3220/3236] Built NavierStokes.LinearWaveResidual (10s)
✔ [3221/3236] Built NavierStokes.CopySolveCompatibility (8.8s)
✔ [3223/3243] Built NavierStokes.PhaseJetBounds (15s)
✔ [3224/3243] Built NavierStokes.MeanRankUpdate (15s)
✔ [3225/3243] Built NavierStokes.PrimaryCopyBridge (20s)
✔ [3226/3243] Built NavierStokes.CorrectionState (5.8s)
✔ [3227/3243] Built NavierStokes.PhysicalMeanDomain (17s)
✔ [3228/3243] Built NavierStokes.MeanChartCompatibility (14s)
✔ [3229/3243] Built NavierStokes.OscillatoryCurl (21s)
✔ [3230/3243] Built NavierStokes.HarmonicResidual (15s)
✔ [3231/3243] Built NavierStokes.CurlClassBounds (7.4s)
✔ [3232/3243] Built NavierStokes.WaveInteractionBounds (8.5s)
✔ [3233/3243] Built NavierStokes.LinearWaveBounds (8.9s)
✔ [3234/3243] Built NavierStokes.CopyAngularInvariance (7.8s)
✔ [3235/3243] Built NavierStokes.ErrorHarmonics (8.1s)
✔ [3236/3243] Built NavierStokes.PrimaryPulseBounds (17s)
✔ [3237/3243] Built NavierStokes.HarmonicMeanInteraction (9.5s)
✔ [3238/3243] Built NavierStokes.HarmonicWaveInteraction (6.8s)
✔ [3239/3243] Built NavierStokes.ParticularWaveBounds (14s)
✔ [3240/3243] Built NavierStokes.SignedWaveUpdate (5.4s)
✔ [3241/3243] Built NavierStokes.LocalSignedRequest (3.9s)
✔ [3242/3243] Built NavierStokes.VariableGaugeMean (14s)
⚠ [3243/3243] Built NavierStokes.PandoraTemporalFlat (2.7s)
warning: NavierStokes/PandoraTemporalFlat.lean:177:6: `ContinuousLinearMap.sub_apply` has been deprecated: Use `sub_apply` instead

Note: The updated constant is in a different namespace. Dot notation may need to be changed (e.g., from `x.sub_apply` to `sub_apply x`).
warning: NavierStokes/PandoraTemporalFlat.lean:185:42: `ContinuousLinearMap.sub_apply` has been deprecated: Use `sub_apply` instead

Note: The updated constant is in a different namespace. Dot notation may need to be changed (e.g., from `x.sub_apply` to `sub_apply x`).
warning: NavierStokes/PandoraTemporalFlat.lean:309:26: `ContinuousLinearMap.sub_apply` has been deprecated: Use `sub_apply` instead

Note: The updated constant is in a different namespace. Dot notation may need to be changed (e.g., from `x.sub_apply` to `sub_apply x`).
warning: NavierStokes/PandoraTemporalFlat.lean:318:26: `ContinuousLinearMap.sub_apply` has been deprecated: Use `sub_apply` instead

Note: The updated constant is in a different namespace. Dot notation may need to be changed (e.g., from `x.sub_apply` to `sub_apply x`).
warning: NavierStokes/PandoraTemporalFlat.lean:318:57: This simp argument is unused:
  sub_div

Hint: Omit it from the simp argument list.
  [apply] simp only [PressureStream.streamGamma, PressureStream.graphDr, PressureStream.divideRadius,
    fderiv_fun_sub hf hg, ContinuousLinearMap.sub_apply, div_eq_mul_inv]

Note: This linter can be disabled with `set_option linter.unusedSimpArgs false`
Build completed successfully (3243 jobs).
